[preview.colorlib.com/theme/kindergarten/index.html]
[backblue.gif]
[fade.gif]
[index.html]
[preview.colorlib.com/theme/kindergarten/site.webmanifest]
[preview.colorlib.com/theme/kindergarten/assets/img/favicon.ico]
[preview.colorlib.com/theme/kindergarten/assets/css/bootstrap.min.css]
[preview.colorlib.com/theme/kindergarten/assets/css/owl.carousel.min.css]
[preview.colorlib.com/theme/kindergarten/assets/css/slicknav.css]
[preview.colorlib.com/theme/kindergarten/assets/css/progressbar_barfiller.css]
[preview.colorlib.com/theme/kindergarten/assets/css/gijgo.css]
[preview.colorlib.com/theme/kindergarten/assets/css/animate.min.css]
[preview.colorlib.com/theme/kindergarten/assets/css/animated-headline.css]
[preview.colorlib.com/theme/kindergarten/assets/css/magnific-popup.css]
[preview.colorlib.com/theme/kindergarten/assets/css/fontawesome-all.min.css]
[preview.colorlib.com/theme/kindergarten/assets/css/themify-icons.css]
[preview.colorlib.com/theme/kindergarten/assets/css/slick.css]
[preview.colorlib.com/theme/kindergarten/assets/css/nice-select.css]
[preview.colorlib.com/theme/kindergarten/assets/css/style.css]
[preview.colorlib.com/theme/kindergarten/assets/img/logo/loder.png]
[preview.colorlib.com/theme/kindergarten/assets/img/logo/logo.png]
[preview.colorlib.com/theme/kindergarten/class.html]
[preview.colorlib.com/theme/kindergarten/about.html]
[preview.colorlib.com/theme/kindergarten/blog.html]
[preview.colorlib.com/theme/kindergarten/blog_details.html]
[preview.colorlib.com/theme/kindergarten/elements.html]
[preview.colorlib.com/theme/kindergarten/contact.html]
[preview.colorlib.com/theme/kindergarten/login.html]
[preview.colorlib.com/theme/kindergarten/assets/img/icon/about-icon1.svg]
[preview.colorlib.com/theme/kindergarten/assets/img/icon/about-icon2.svg]
[preview.colorlib.com/theme/kindergarten/assets/img/icon/about-icon3.svg]
[preview.colorlib.com/theme/kindergarten/assets/img/gallery/about2.png]
[preview.colorlib.com/theme/kindergarten/assets/img/gallery/class-img1.png]
[preview.colorlib.com/theme/kindergarten/assets/img/gallery/class-img2.png]
[preview.colorlib.com/theme/kindergarten/assets/img/gallery/class-img3.png]
[preview.colorlib.com/theme/kindergarten/assets/img/gallery/team1.png]
[preview.colorlib.com/theme/kindergarten/assets/img/gallery/team2.png]
[preview.colorlib.com/theme/kindergarten/assets/img/gallery/team3.png]
[preview.colorlib.com/theme/kindergarten/assets/img/gallery/testimonial.png]
[preview.colorlib.com/theme/kindergarten/assets/img/gallery/instra1.png]
[preview.colorlib.com/theme/kindergarten/assets/img/gallery/instra2.png]
[preview.colorlib.com/theme/kindergarten/assets/img/gallery/instra3.png]
[preview.colorlib.com/theme/kindergarten/assets/img/gallery/instra4.png]
[preview.colorlib.com/theme/kindergarten/assets/img/gallery/founder-img.svg]
[preview.colorlib.com/theme/kindergarten/assets/img/logo/logo2_footer.png]
[preview.colorlib.com/theme/kindergarten/assets/js/vendor/modernizr-3.5.0.min.js]
[preview.colorlib.com/theme/kindergarten/assets/js/vendor/jquery-1.12.4.min.js]
[preview.colorlib.com/theme/kindergarten/assets/js/popper.min.js]
[preview.colorlib.com/theme/kindergarten/assets/js/bootstrap.min.js]
[preview.colorlib.com/theme/kindergarten/assets/js/owl.carousel.min.js]
[preview.colorlib.com/theme/kindergarten/assets/js/slick.min.js]
[preview.colorlib.com/theme/kindergarten/assets/js/wow.min.js]
[preview.colorlib.com/theme/kindergarten/assets/js/animated.headline.js]
[preview.colorlib.com/theme/kindergarten/assets/js/jquery.magnific-popup.js]
[preview.colorlib.com/theme/kindergarten/assets/js/jquery.slicknav.min.js]
[preview.colorlib.com/theme/kindergarten/assets/js/gijgo.min.js]
[preview.colorlib.com/theme/kindergarten/assets/js/jquery.nice-select.min.js]
[preview.colorlib.com/theme/kindergarten/assets/js/jquery.barfiller.js]
[preview.colorlib.com/theme/kindergarten/assets/js/countdown.min.js]
[preview.colorlib.com/theme/kindergarten/assets/js/contact.js]
[preview.colorlib.com/theme/kindergarten/assets/js/jquery.form.js]
[preview.colorlib.com/theme/kindergarten/assets/js/jquery.validate.min.js]
[preview.colorlib.com/theme/kindergarten/assets/js/mail-script.js]
[preview.colorlib.com/theme/kindergarten/assets/js/jquery.ajaxchimp.min.js]
[preview.colorlib.com/theme/kindergarten/assets/js/plugins.js]
[preview.colorlib.com/theme/kindergarten/index.html]
[preview.colorlib.com/theme/kindergarten/site.html]
[preview.colorlib.com/theme/kindergarten/assets/css/bootstrap.min.css]
[preview.colorlib.com/theme/kindergarten/assets/js/main.js]
[preview.colorlib.com/theme/kindergarten/assets/css/owl.video.play.png]
[preview.colorlib.com/theme/kindergarten/assets/css/owl.carousel.min.css]
[preview.colorlib.com/theme/kindergarten/assets/css/slicknav.css]
[preview.colorlib.com/theme/kindergarten/assets/css/progressbar_barfiller.css]
[preview.colorlib.com/theme/kindergarten/assets/fonts/gijgo-materialba15.eot]
[preview.colorlib.com/theme/kindergarten/assets/fonts/gijgo-materialba15.ttf]
[preview.colorlib.com/theme/kindergarten/assets/fonts/gijgo-materialba15.woff]
[preview.colorlib.com/theme/kindergarten/assets/css/gijgo.css]
[preview.colorlib.com/theme/kindergarten/assets/css/animate.min.css]
[preview.colorlib.com/theme/kindergarten/assets/css/animated-headline.css]
[preview.colorlib.com/theme/kindergarten/assets/css/magnific-popup.css]
[preview.colorlib.com/theme/kindergarten/assets/fonts/gijgo-materialba15.svg]
[preview.colorlib.com/theme/kindergarten/assets/fonts/fa-brands-400.eot]
[preview.colorlib.com/theme/kindergarten/assets/fonts/fa-brands-400d41d.eot]
[preview.colorlib.com/theme/kindergarten/assets/fonts/fa-brands-400.woff2]
[preview.colorlib.com/theme/kindergarten/assets/fonts/fa-brands-400.woff]
[preview.colorlib.com/theme/kindergarten/assets/fonts/fa-brands-400.ttf]
[preview.colorlib.com/theme/kindergarten/assets/fonts/fa-brands-400.svg]
[preview.colorlib.com/theme/kindergarten/assets/fonts/fa-regular-400.eot]
[preview.colorlib.com/theme/kindergarten/assets/fonts/fa-regular-400d41d.eot]
[preview.colorlib.com/theme/kindergarten/assets/fonts/fa-regular-400.woff2]
[preview.colorlib.com/theme/kindergarten/assets/fonts/fa-regular-400.woff]
[preview.colorlib.com/theme/kindergarten/assets/fonts/fa-regular-400.ttf]
[preview.colorlib.com/theme/kindergarten/assets/fonts/fa-regular-400.svg]
[preview.colorlib.com/theme/kindergarten/assets/fonts/fa-solid-900.eot]
[preview.colorlib.com/theme/kindergarten/assets/fonts/fa-solid-900d41d.eot]
[preview.colorlib.com/theme/kindergarten/assets/fonts/fa-solid-900.woff2]
[preview.colorlib.com/theme/kindergarten/assets/fonts/fa-solid-900.woff]
[preview.colorlib.com/theme/kindergarten/assets/css/fontawesome-all.min.css]
[preview.colorlib.com/theme/kindergarten/assets/fonts/fa-solid-900.ttf]
[preview.colorlib.com/theme/kindergarten/assets/fonts/fa-solid-900.svg]
[preview.colorlib.com/theme/kindergarten/assets/fonts/themify9f24.eot]
[preview.colorlib.com/theme/kindergarten/assets/fonts/themifyd41d.eot]
[preview.colorlib.com/theme/kindergarten/assets/fonts/themify9f24.woff]
[preview.colorlib.com/theme/kindergarten/assets/fonts/themify9f24.ttf]
[preview.colorlib.com/theme/kindergarten/assets/css/themify-icons.css]
[preview.colorlib.com/theme/kindergarten/assets/css/slick.css]
[preview.colorlib.com/theme/kindergarten/assets/css/nice-select.css]
[preview.colorlib.com/theme/kindergarten/assets/fonts/themify9f24.svg]
[preview.colorlib.com/theme/kindergarten/assets/img/hero/h1_hero.png]
[preview.colorlib.com/theme/kindergarten/assets/img/hero/hero2.png]
[preview.colorlib.com/theme/kindergarten/assets/img/elements/primary-check.png]
[preview.colorlib.com/theme/kindergarten/assets/img/elements/success-check.png]
[preview.colorlib.com/theme/kindergarten/assets/img/elements/disabled-check.png]
[preview.colorlib.com/theme/kindergarten/assets/img/elements/primary-radio.png]
[preview.colorlib.com/theme/kindergarten/assets/img/elements/success-radio.png]
[preview.colorlib.com/theme/kindergarten/assets/img/elements/disabled-radio.png]
[preview.colorlib.com/theme/kindergarten/assets/css/style.css]
[preview.colorlib.com/cdn-cgi/zaraz/sd0d9.js]
[preview.colorlib.com/theme/kindergarten/class.html]
[preview.colorlib.com/theme/kindergarten/about.html]
[preview.colorlib.com/theme/kindergarten/assets/img/blog/single_blog_1.png]
[preview.colorlib.com/theme/kindergarten/assets/img/blog/single_blog_2.png]
[preview.colorlib.com/theme/kindergarten/assets/img/blog/single_blog_3.png]
[preview.colorlib.com/theme/kindergarten/assets/img/blog/single_blog_4.png]
[preview.colorlib.com/theme/kindergarten/assets/img/blog/single_blog_5.png]
[preview.colorlib.com/theme/kindergarten/assets/img/post/post_1.png]
[preview.colorlib.com/theme/kindergarten/assets/img/post/post_2.png]
[preview.colorlib.com/theme/kindergarten/assets/img/post/post_3.png]
[preview.colorlib.com/theme/kindergarten/assets/img/post/post_4.png]
[preview.colorlib.com/theme/kindergarten/assets/img/post/post_5.png]
[preview.colorlib.com/theme/kindergarten/assets/img/post/post_6.png]
[preview.colorlib.com/theme/kindergarten/assets/img/post/post_7.png]
[preview.colorlib.com/theme/kindergarten/assets/img/post/post_8.png]
[preview.colorlib.com/theme/kindergarten/assets/img/post/post_9.png]
[preview.colorlib.com/theme/kindergarten/assets/img/post/post_10.png]
[preview.colorlib.com/theme/kindergarten/blog.html]
[preview.colorlib.com/theme/kindergarten/assets/img/post/preview.png]
[preview.colorlib.com/theme/kindergarten/assets/img/post/next.png]
[preview.colorlib.com/theme/kindergarten/assets/img/blog/author.png]
[preview.colorlib.com/theme/kindergarten/assets/img/blog/comment_1.png]
[preview.colorlib.com/theme/kindergarten/assets/img/blog/comment_2.png]
[preview.colorlib.com/theme/kindergarten/assets/img/blog/comment_3.png]
[preview.colorlib.com/theme/kindergarten/blog_details.html]
[preview.colorlib.com/theme/kindergarten/assets/img/elements/d.jpg]
[preview.colorlib.com/theme/kindergarten/assets/img/elements/f1.jpg]
[preview.colorlib.com/theme/kindergarten/assets/img/elements/f2.jpg]
[preview.colorlib.com/theme/kindergarten/assets/img/elements/f3.jpg]
[preview.colorlib.com/theme/kindergarten/assets/img/elements/f4.jpg]
[preview.colorlib.com/theme/kindergarten/assets/img/elements/f5.jpg]
[preview.colorlib.com/theme/kindergarten/assets/img/elements/f6.jpg]
[preview.colorlib.com/theme/kindergarten/assets/img/elements/f7.jpg]
[preview.colorlib.com/theme/kindergarten/assets/img/elements/f8.jpg]
[preview.colorlib.com/theme/kindergarten/assets/img/elements/g1.jpg]
[preview.colorlib.com/theme/kindergarten/assets/img/elements/g2.jpg]
[preview.colorlib.com/theme/kindergarten/assets/img/elements/g3.jpg]
[preview.colorlib.com/theme/kindergarten/assets/img/elements/g4.jpg]
[preview.colorlib.com/theme/kindergarten/assets/img/elements/g5.jpg]
[preview.colorlib.com/theme/kindergarten/assets/img/elements/g6.jpg]
[preview.colorlib.com/theme/kindergarten/assets/img/elements/g7.jpg]
[preview.colorlib.com/theme/kindergarten/assets/img/elements/g8.jpg]
[preview.colorlib.com/theme/kindergarten/elements.html]
[preview.colorlib.com/theme/kindergarten/_https_/maps.gstatic.com/mapfiles/openhand_8_8.cur_]
[maps.gstatic.com/mapfiles/api-3/images/google_white5.png]
[preview.colorlib.com/theme/kindergarten/contact.html]
[preview.colorlib.com/cdn-cgi/scripts/5c5dd728/cloudflare-static/email-decode.min.js]
[preview.colorlib.com/theme/kindergarten/assets/css/flaticon.css]
[preview.colorlib.com/theme/kindergarten/register.html]
[preview.colorlib.com/theme/kindergarten/assets/js/jquery.sticky.js]
[preview.colorlib.com/theme/kindergarten/assets/js/jquery.vide.js]
[preview.colorlib.com/theme/kindergarten/assets/js/jquery.counterup.min.js]
[preview.colorlib.com/theme/kindergarten/assets/js/waypoints.min.js]
[preview.colorlib.com/theme/kindergarten/assets/js/jquery.countdown.min.js]
[preview.colorlib.com/theme/kindergarten/assets/js/hover-direction-snake.min.js]
[preview.colorlib.com/theme/kindergarten/login.html]
[preview.colorlib.com/theme/kindergarten/assets/img/icon/about-icon1.svg]
[preview.colorlib.com/theme/kindergarten/assets/img/icon/about-icon2.svg]
[preview.colorlib.com/theme/kindergarten/assets/img/icon/about-icon3.svg]
[preview.colorlib.com/theme/kindergarten/assets/img/gallery/founder-img.svg]
[preview.colorlib.com/theme/kindergarten/assets/css/owl.video.play.html]
[preview.colorlib.com/theme/kindergarten/assets/fonts/gijgo-materialba15.svg]
[preview.colorlib.com/theme/kindergarten/assets/fonts/fa-brands-400.svg]
[preview.colorlib.com/theme/kindergarten/assets/fonts/fa-regular-400.svg]
[preview.colorlib.com/theme/kindergarten/assets/fonts/fa-solid-900.svg]
[preview.colorlib.com/theme/kindergarten/assets/fonts/themify9f24.svg]
[preview.colorlib.com/theme/kindergarten/_https_/maps.gstatic.com/mapfiles/openhand_8_8.html]
[preview.colorlib.com/theme/kindergarten/assets/fonts/Flaticon.eot]
[preview.colorlib.com/theme/kindergarten/assets/fonts/Flaticond41d.eot]
[preview.colorlib.com/theme/kindergarten/assets/fonts/Flaticon.woff2]
[preview.colorlib.com/theme/kindergarten/assets/fonts/Flaticon.woff]
[preview.colorlib.com/theme/kindergarten/assets/fonts/Flaticon.ttf]
[preview.colorlib.com/theme/kindergarten/assets/css/flaticon.css]
[preview.colorlib.com/theme/kindergarten/register.html]
[preview.colorlib.com/theme/kindergarten/assets/js/jquery.sticky.html]
[preview.colorlib.com/theme/kindergarten/assets/js/jquery.counterup.min.html]
[preview.colorlib.com/theme/kindergarten/assets/js/waypoints.min.html]
[preview.colorlib.com/theme/kindergarten/assets/js/jquery.countdown.min.html]
[preview.colorlib.com/theme/kindergarten/assets/js/hover-direction-snake.min.html]
[preview.colorlib.com/theme/kindergarten/assets/fonts/Flaticon.svg]
[preview.colorlib.com/theme/kindergarten/assets/fonts/Flaticon.svg]
