[dcloudkitchens.netlify.app/index.html]
[backblue.gif]
[fade.gif]
[index.html]
[dcloudkitchens.netlify.app/assets/favicon.png]
[stackpath.bootstrapcdn.com/font-awesome/4.7.0/css/font-awesome.min.css]
[unpkg.com/aos@2.3.1/dist/aos.css]
[dcloudkitchens.netlify.app/assets/style.min.css]
[dcloudkitchens.netlify.app/assets/logo.png]
[dcloudkitchens.netlify.app/index-2.html]
[dcloudkitchens.netlify.app/assets/images/about-bg.jpg]
[dcloudkitchens.netlify.app/assets/images/why-dcc.png]
[dcloudkitchens.netlify.app/assets/images/labour.svg]
[dcloudkitchens.netlify.app/assets/images/low-cost.svg]
[dcloudkitchens.netlify.app/assets/images/investment.svg]
[dcloudkitchens.netlify.app/assets/images/Time management-pana.svg]
[dcloudkitchens.netlify.app/assets/images/Interview-bro.svg]
[dcloudkitchens.netlify.app/assets/images/Investment-save.svg]
[dcloudkitchens.netlify.app/assets/images/about.webp]
[dcloudkitchens.netlify.app/assets/video/video.mp4]
[dcloudkitchens.netlify.app/assets/images/background-graphics.svg]
[dcloudkitchens.netlify.app/assets/images/Kitchen appliances-rafiki.svg]
[dcloudkitchens.netlify.app/assets/images/Customer relationship management-rafiki.svg]
[dcloudkitchens.netlify.app/assets/images/International cooperation-rafiki.svg]
[dcloudkitchens.netlify.app/assets/images/Privacy policy-rafiki.svg]
[dcloudkitchens.netlify.app/assets/images/Obsessive compulsive disorder-pana.svg]
[dcloudkitchens.netlify.app/assets/images/Team-bro.svg]
[dcloudkitchens.netlify.app/assets/images/Compost cycle-bro.svg]
[dcloudkitchens.netlify.app/assets/images/Active Support-rafiki.svg]
[dcloudkitchens.netlify.app/assets/images/brand-bg.svg]
[dcloudkitchens.netlify.app/assets/brand/4.png]
[dcloudkitchens.netlify.app/assets/brand/2.png]
[dcloudkitchens.netlify.app/assets/brand/10.png]
[dcloudkitchens.netlify.app/assets/brand/1.png]
[dcloudkitchens.netlify.app/assets/brand/5.png]
[dcloudkitchens.netlify.app/assets/brand/6.png]
[dcloudkitchens.netlify.app/assets/brand/7.png]
[dcloudkitchens.netlify.app/assets/brand/8.png]
[dcloudkitchens.netlify.app/assets/brand/9.png]
[dcloudkitchens.netlify.app/assets/brand/3.png]
[dcloudkitchens.netlify.app/assets/images/why-bg.jpg]
[dcloudkitchens.netlify.app/assets/icon/placeholder.png]
[dcloudkitchens.netlify.app/assets/icon/mail.png]
[dcloudkitchens.netlify.app/assets/icon/phone-call.png]
[unpkg.com/aos@2.3.1/dist/aos.js]
[dcloudkitchens.netlify.app/index.html]
[stackpath.bootstrapcdn.com/font-awesome/4.7.0/css/font-awesome.min.css]
[unpkg.com/aos@2.3.1/dist/aos.css]
[dcloudkitchens.netlify.app/assets/script.min.js]
[dcloudkitchens.netlify.app/iconset/arrow.2a.delayed]
[dcloudkitchens.netlify.app/iconset/external.2b.delayed]
[dcloudkitchens.netlify.app/iconset/info.2c.delayed]
[dcloudkitchens.netlify.app/iconset/quote.2d.delayed]
[d1l5pp53ux74mz.cloudfront.net/images/default-source/backgrounds/brand-refresh-q4-2021/hex_left_hero_1920_transperant-mindbe8.png]
[dcloudkitchens.netlify.app/assets/icon/bg1.jpg]
[dcloudkitchens.netlify.app/assets/icon/bg2.jpg]
[dcloudkitchens.netlify.app/assets/icon/bg3.jpg]
[dcloudkitchens.netlify.app/assets/style.min.css]
[dcloudkitchens.netlify.app/index-2.html]
[dcloudkitchens.netlify.app/assets/images/labour.svg]
[dcloudkitchens.netlify.app/assets/images/low-cost.svg]
[dcloudkitchens.netlify.app/assets/images/investment.svg]
[dcloudkitchens.netlify.app/assets/images/Time management-pana.svg]
[dcloudkitchens.netlify.app/assets/images/Interview-bro.svg]
[dcloudkitchens.netlify.app/assets/images/Investment-save.svg]
[dcloudkitchens.netlify.app/assets/images/background-graphics.svg]
[dcloudkitchens.netlify.app/assets/images/Kitchen appliances-rafiki.svg]
[dcloudkitchens.netlify.app/assets/images/Customer relationship management-rafiki.svg]
[dcloudkitchens.netlify.app/assets/images/International cooperation-rafiki.svg]
[dcloudkitchens.netlify.app/assets/images/Privacy policy-rafiki.svg]
[dcloudkitchens.netlify.app/assets/images/Obsessive compulsive disorder-pana.svg]
[dcloudkitchens.netlify.app/assets/images/Compost cycle-bro.svg]
[dcloudkitchens.netlify.app/assets/images/Team-bro.svg]
[dcloudkitchens.netlify.app/assets/images/Active Support-rafiki.svg]
[dcloudkitchens.netlify.app/assets/images/brand-bg.svg]
[dcloudkitchens.netlify.app/iconset/arrow.html]
[dcloudkitchens.netlify.app/iconset/external.html]
[dcloudkitchens.netlify.app/iconset/info.html]
[dcloudkitchens.netlify.app/iconset/quote.html]
[dcloudkitchens.netlify.app/assets/video/video.mp4]
